---
source: crates/raven/src/command/cli/search/app.rs
expression: terminal.backend()
---
"                                                                                "
"                                                                                "
"                                                                                "
"                                                                                "
"    raven 0.1.3                                             history count: 0    "
"    Press Esc to exit.                                                          "
"    History                                                                     "
"                                                                                "
"                                                                                "
"                                                                                "
"                                                                                "
"                                                                                "
"                                                                                "
"                                                                                "
"                                                                                "
"                                                                                "
"                                                                                "
"                                                                                "
"                                                                                "
"          0s cmd7                                                               "
"       5  0s cmd6                                                               "
"       4  0s cmd5                                                               "
"       3  0s cmd4                                                               "
"       2  0s cmd3                                                               "
"       1  0s cmd2                                                               "
"    >>    0s cmd1                                                               "
"                                                                                "
"    [fuzzy]  cmd                                                                "
"                                                                                "
"                                                                                "
"                                                                                "
"    Shortcuts                                                                   "
"    <TAB>: Toggle cwd or Global scope                                           "
"    <Alt + 1..5>: Quick Pick                                                    "
"    <Alt + d>: Delete selected entry                                            "
"    <Alt + m>: Toggle search mode                                               "
"                                                                                "
"                                                                                "
"                                                                                "
"                                                                                "
